******************************************************************************
                  TI ARM Linker PC v16.9.4                     
******************************************************************************
>> Linked Sun Nov 05 18:45:19 2017

OUTPUT FILE NAME:   <ble5_simple_central_cc2640r2lp_app.out>
ENTRY POINT SYMBOL: "ResetISR"  address: 00011e31


MEMORY CONFIGURATION

         name            origin    length      used     unused   attr    fill
----------------------  --------  ---------  --------  --------  ----  --------
  FLASH                 00000000   0001f000  000180d0  00006f30  R  X
  FLASH_LAST_PAGE       0001f000   00001000  00000058  00000fa8  R  X
  SRAM                  20000000   00004400  000021e1  0000221f  RW X


SEGMENT ALLOCATION MAP

run origin  load origin   length   init length attrs members
----------  ----------- ---------- ----------- ----- -------
00000000    00000000    000170d4   000170d4    r-x
  00000000    00000000    0000003c   0000003c    r-- .resetVecs
  0000003c    0000003c    00000fc4   00000fc4    r-x .text.1
  00001000    00001000    00000028   00000028    r-- .const:ti_sysbios_heaps_HeapMem_Module__FXNS__C
  00001028    00001028    00000024   00000024    r-- .const:ti_sysbios_gates_GateHwi_Module__FXNS__C
  0000104c    0000104c    00000024   00000024    r-- .const:ti_sysbios_gates_GateMutex_Module__FXNS__C
  00001070    00001070    00000020   00000020    r-- .const:ti_sysbios_family_arm_m3_Hwi_Object__DESC__C
  00001090    00001090    00000020   00000020    r-- .const:ti_sysbios_gates_GateHwi_Object__DESC__C
  000010b0    000010b0    00000020   00000020    r-- .const:ti_sysbios_gates_GateMutex_Object__DESC__C
  000010d0    000010d0    00000020   00000020    r-- .const:ti_sysbios_hal_Hwi_Object__DESC__C
  000010f0    000010f0    00000020   00000020    r-- .const:ti_sysbios_heaps_HeapMem_Object__DESC__C
  00001110    00001110    00000020   00000020    r-- .const:ti_sysbios_knl_Clock_Object__DESC__C
  00001130    00001130    00000020   00000020    r-- .const:ti_sysbios_knl_Event_Object__DESC__C
  00001150    00001150    00000020   00000020    r-- .const:ti_sysbios_knl_Mailbox_Object__DESC__C
  00001170    00001170    00000020   00000020    r-- .const:ti_sysbios_knl_Queue_Object__DESC__C
  00001190    00001190    00000020   00000020    r-- .const:ti_sysbios_knl_Semaphore_Object__DESC__C
  000011b0    000011b0    00000020   00000020    r-- .const:ti_sysbios_knl_Swi_Object__DESC__C
  000011d0    000011d0    00000020   00000020    r-- .const:ti_sysbios_knl_Task_Object__DESC__C
  000011f0    000011f0    00000008   00000008    r-- .const:ti_sysbios_knl_Idle_funcList__C
  000011f8    000011f8    00000004   00000004    r-- .const:ti_sysbios_family_arm_cc26xx_Timer_startupNeeded__C
  000011fc    000011fc    00000004   00000004    r-- .const:ti_sysbios_family_arm_m3_Hwi_E_alreadyDefined__C
  00001200    00001200    00000004   00000004    r-- .const:ti_sysbios_family_arm_m3_Hwi_E_hwiLimitExceeded__C
  00001204    00001204    00000004   00000004    r-- .const:ti_sysbios_family_arm_m3_Hwi_NUM_INTERRUPTS__C
  00001208    00001208    00000004   00000004    r-- .const:ti_sysbios_family_arm_m3_Hwi_Object__count__C
  0000120c    0000120c    00000004   00000004    r-- .const:ti_sysbios_family_arm_m3_Hwi_Object__table__C
  00001210    00001210    00000004   00000004    r-- .const:ti_sysbios_family_arm_m3_Hwi_ccr__C
  00001214    00001214    00000004   00000004    r-- .const:ti_sysbios_family_arm_m3_Hwi_excHandlerFunc__C
  00001218    00001218    00000004   00000004    r-- .const:ti_sysbios_family_arm_m3_Hwi_nullIsrFunc__C
  0000121c    0000121c    00000004   00000004    r-- .const:ti_sysbios_family_arm_m3_Hwi_numSparseInterrupts__C
  00001220    00001220    00000004   00000004    r-- .const:ti_sysbios_family_arm_m3_Hwi_priGroup__C
  00001224    00001224    00000004   00000004    r-- .const:ti_sysbios_family_arm_m3_TaskSupport_stackAlignment__C
  00001228    00001228    00000004   00000004    r-- .const:ti_sysbios_heaps_HeapMem_E_memory__C
  0000122c    0000122c    00000004   00000004    r-- .const:ti_sysbios_heaps_HeapMem_Module__gateObj__C
  00001230    00001230    00000004   00000004    r-- .const:ti_sysbios_heaps_HeapMem_Object__count__C
  00001234    00001234    00000004   00000004    r-- .const:ti_sysbios_heaps_HeapMem_Object__table__C
  00001238    00001238    00000004   00000004    r-- .const:ti_sysbios_heaps_HeapMem_reqAlign__C
  0000123c    0000123c    00000004   00000004    r-- .const:ti_sysbios_knl_Clock_triggerClock__C
  00001240    00001240    00000004   00000004    r-- .const:ti_sysbios_knl_Mailbox_Object__count__C
  00001244    00001244    00000004   00000004    r-- .const:ti_sysbios_knl_Mailbox_Object__table__C
  00001248    00001248    00000004   00000004    r-- .const:ti_sysbios_knl_Mailbox_maxTypeAlign__C
  0000124c    0000124c    00000004   00000004    r-- .const:ti_sysbios_knl_Queue_Object__count__C
  00001250    00001250    00000004   00000004    r-- .const:ti_sysbios_knl_Queue_Object__table__C
  00001254    00001254    00000004   00000004    r-- .const:ti_sysbios_knl_Semaphore_eventPost__C
  00001258    00001258    00000004   00000004    r-- .const:ti_sysbios_knl_Semaphore_eventSync__C
  0000125c    0000125c    00000004   00000004    r-- .const:ti_sysbios_knl_Swi_Object__count__C
  00001260    00001260    00000004   00000004    r-- .const:ti_sysbios_knl_Swi_Object__table__C
  00001264    00001264    00000004   00000004    r-- .const:ti_sysbios_knl_Swi_numPriorities__C
  00001268    00001268    00000004   00000004    r-- .const:ti_sysbios_knl_Task_Object__count__C
  0000126c    0000126c    00000004   00000004    r-- .const:ti_sysbios_knl_Task_Object__table__C
  00001270    00001270    00000004   00000004    r-- .const:ti_sysbios_knl_Task_allBlockedFunc__C
  00001274    00001274    00000004   00000004    r-- .const:ti_sysbios_knl_Task_defaultStackHeap__C
  00001278    00001278    00000004   00000004    r-- .const:ti_sysbios_knl_Task_defaultStackSize__C
  0000127c    0000127c    00000004   00000004    r-- .const:ti_sysbios_knl_Task_numConstructedTasks__C
  00001280    00001280    00000002   00000002    r-- .const:ti_sysbios_family_arm_cc26xx_Timer_Module__id__C
  00001282    00001282    00000002   00000002    r-- .const:ti_sysbios_family_arm_cc26xx_TimestampProvider_useClockTimer__C
  00001284    00001284    00000002   00000002    r-- .const:ti_sysbios_family_arm_m3_Hwi_Module__id__C
  00001286    00001286    00000002   00000002    r-- .const:ti_sysbios_gates_GateHwi_Module__id__C
  00001288    00001288    00000002   00000002    r-- .const:ti_sysbios_gates_GateMutex_Module__id__C
  0000128a    0000128a    00000002   00000002    r-- .const:ti_sysbios_heaps_HeapMem_Module__id__C
  0000128c    0000128c    00000002   00000002    r-- .const:ti_sysbios_knl_Task_initStackFlag__C
  0000128e    0000128e    00000001   00000001    r-- .const:ti_sysbios_knl_Clock_tickMode__C
  00001290    00001290    00000008   00000008    r-- .const:xdc_runtime_Startup_firstFxns__C
  00001298    00001298    00000008   00000008    r-- .const:xdc_runtime_Startup_lastFxns__C
  000012a0    000012a0    00000004   00000004    r-- .const:xdc_runtime_Assert_E_assertFailed__C
  000012a4    000012a4    00000004   00000004    r-- .const:xdc_runtime_Error_E_memory__C
  000012a8    000012a8    00000004   00000004    r-- .const:xdc_runtime_Error_policyFxn__C
  000012ac    000012ac    00000004   00000004    r-- .const:xdc_runtime_Error_raiseHook__C
  000012b0    000012b0    00000004   00000004    r-- .const:xdc_runtime_IGateProvider_Interface__BASE__C
  000012b4    000012b4    00000004   00000004    r-- .const:xdc_runtime_IHeap_Interface__BASE__C
  000012b8    000012b8    00000004   00000004    r-- .const:xdc_runtime_IModule_Interface__BASE__C
  000012bc    000012bc    00000004   00000004    r-- .const:xdc_runtime_Memory_defaultHeapInstance__C
  000012c0    000012c0    00000004   00000004    r-- .const:xdc_runtime_Startup_execImpl__C
  000012c4    000012c4    00000004   00000004    r-- .const:xdc_runtime_Startup_maxPasses__C
  000012c8    000012c8    00000004   00000004    r-- .const:xdc_runtime_Startup_sfxnRts__C
  000012cc    000012cc    00000004   00000004    r-- .const:xdc_runtime_Startup_sfxnTab__C
  000012d0    000012d0    00000004   00000004    r-- .const:xdc_runtime_Startup_startModsFxn__C
  000012d4    000012d4    00000004   00000004    r-- .const:xdc_runtime_SysCallback_abortFxn__C
  000012d8    000012d8    00000004   00000004    r-- .const:xdc_runtime_SysCallback_exitFxn__C
  000012dc    000012dc    00000004   00000004    r-- .const:xdc_runtime_System_abortFxn__C
  000012e0    000012e0    00000004   00000004    r-- .const:xdc_runtime_System_exitFxn__C
  000012e4    000012e4    00000004   00000004    r-- .const:xdc_runtime_System_maxAtexitHandlers__C
  000012e8    000012e8    00000004   00000004    r-- .const:xdc_runtime_Text_charTab__C
  000012ec    000012ec    00000004   00000004    r-- .const:xdc_runtime_Text_nameEmpty__C
  000012f0    000012f0    00000004   00000004    r-- .const:xdc_runtime_Text_nameStatic__C
  000012f4    000012f4    00000004   00000004    r-- .const:xdc_runtime_Text_nameUnknown__C
  000012f8    000012f8    00000002   00000002    r-- .const:xdc_runtime_Error_maxDepth__C
  000012fa    000012fa    00000002   00000002    r-- .const:xdc_runtime_Memory_Module__id__C
  000012fc    000012fc    00000002   00000002    r-- .const:xdc_runtime_Text_charCnt__C
  000012fe    000012fe    00000002   00000002    r-- .const:xdc_runtime_Text_isLoaded__C
  00001300    00001300    00000001   00000001    r-- .const:xdc_runtime_Error_policy__C
  00001304    00001304    00000004   00000004    r-- .const:ti_sysbios_rom_ROM_ti_sysbios_family_arm_cc26xx_Timer_getCount64__E
  00001308    00001308    00000004   00000004    r-- .const:ti_sysbios_rom_ROM_ti_sysbios_family_arm_cc26xx_Timer_getCurrentTick__E
  0000130c    0000130c    00000004   00000004    r-- .const:ti_sysbios_rom_ROM_ti_sysbios_family_arm_cc26xx_Timer_getMaxTicks__E
  00001310    00001310    00000004   00000004    r-- .const:ti_sysbios_rom_ROM_ti_sysbios_family_arm_cc26xx_Timer_initDevice__I
  00001314    00001314    00000004   00000004    r-- .const:ti_sysbios_rom_ROM_ti_sysbios_family_arm_cc26xx_Timer_setNextTick__E
  00001318    00001318    00000004   00000004    r-- .const:ti_sysbios_rom_ROM_ti_sysbios_family_arm_cc26xx_Timer_setThreshold__I
  0000131c    0000131c    00000004   00000004    r-- .const:ti_sysbios_rom_ROM_ti_sysbios_family_arm_cc26xx_Timer_start__E
  00001320    00001320    00000004   00000004    r-- .const:ti_sysbios_rom_ROM_ti_sysbios_family_arm_cc26xx_TimestampProvider_get32__E
  00001324    00001324    00000004   00000004    r-- .const:ti_sysbios_rom_ROM_xdc_runtime_Startup_getState__I
  00001328    00001328    00000004   00000004    r-- .const:ti_sysbios_rom_ROM_xdc_runtime_System_SupportProxy_abort__E
  0000132c    0000132c    00000004   00000004    r-- .const:ti_sysbios_rom_ROM_xdc_runtime_System_SupportProxy_exit__E
  00001330    00001330    00014a48   00014a48    r-x .text.2
  00015d78    00015d78    00000f00   00000f00    r-- .const
  00016c78    00016c78    000000b0   000000b0    r-- .rodata
  00016d28    00016d28    000003ac   000003ac    r-- .cinit
0001e000    0001e000    00001000   00001000    r--
  0001e000    0001e000    00001000   00001000    r-- .TI.bound:NV_FLASH
0001ffa8    0001ffa8    00000058   00000058    r--
  0001ffa8    0001ffa8    00000058   00000058    r-- .ccfg
20000100    20000100    00001d1b   00000000    rw-
  20000100    20000100    00000044   00000000    rw- .data:ti_sysbios_knl_Task_Module__state__V
  20000144    20000144    00000034   00000000    rw- .data:ti_sysbios_family_arm_m3_Hwi_Module__state__V
  20000178    20000178    0000002c   00000000    rw- .data:ti_sysbios_knl_Clock_Module__state__V
  200001a4    200001a4    00000024   00000000    rw- .data:ti_sysbios_BIOS_Module__state__V
  200001c8    200001c8    0000001c   00000000    rw- .data:ti_sysbios_knl_Swi_Module__state__V
  200001e4    200001e4    00000008   00000000    rw- .data:ti_sysbios_family_arm_cc26xx_Timer_Module__state__V
  200001ec    200001ec    00000004   00000000    rw- .data:ti_sysbios_family_arm_cc26xx_TimestampProvider_Module__state__V
  200001f0    200001f0    00000008   00000000    rw- .data:xdc_runtime_Startup_Module__state__V
  200001f8    200001f8    00000008   00000000    rw- .data:xdc_runtime_System_Module__state__V
  20000200    20000200    00000004   00000000    rw- .data:xdc_runtime_Memory_Module__state__V
  20000204    20000204    00000002   00000000    rw- .data:xdc_runtime_Error_Module__state__V
  20000208    20000208    0000113c   00000000    rw- .data
  20001348    20001348    00000ad3   00000000    rw- .bss
20004000    20004000    00000400   00000000    rw-
  20004000    20004000    00000400   00000000    rw- .stack


SECTION ALLOCATION MAP

 output                                  attributes/
section   page    origin      length       input sections
--------  ----  ----------  ----------   ----------------
.resetVecs 
*          0    00000000    0000003c     
                  00000000    0000003c     app_ble_pem3.oem3 (.resetVecs)

.text.1    0    0000003c    00000fc4     
                  0000003c    00000f50     cc2640_ll_xcxx.a : ll.o (.text)
                  00000f8c    00000008     ble_r2.symbols (.tramp.LL_ENC_GenerateTrueRandNum.1)
                  00000f94    00000008     ble_r2.symbols (.tramp.LL_PRIV_GenerateRSA.1)
                  00000f9c    00000008     ble_r2.symbols (.tramp.LL_ENC_Init.1)
                  00000fa4    0000005c     display.aem3 : Display.oem3 (.text:Display_doOpen)

.const:ti_sysbios_heaps_HeapMem_Module__FXNS__C 
*          0    00001000    00000028     
                  00001000    00000028     app_ble_pem3.oem3 (.const:ti_sysbios_heaps_HeapMem_Module__FXNS__C)

.const:ti_sysbios_gates_GateHwi_Module__FXNS__C 
*          0    00001028    00000024     
                  00001028    00000024     app_ble_pem3.oem3 (.const:ti_sysbios_gates_GateHwi_Module__FXNS__C)

.const:ti_sysbios_gates_GateMutex_Module__FXNS__C 
*          0    0000104c    00000024     
                  0000104c    00000024     app_ble_pem3.oem3 (.const:ti_sysbios_gates_GateMutex_Module__FXNS__C)

.const:ti_sysbios_family_arm_m3_Hwi_Object__DESC__C 
*          0    00001070    00000020     
                  00001070    00000020     app_ble_pem3.oem3 (.const:ti_sysbios_family_arm_m3_Hwi_Object__DESC__C)

.const:ti_sysbios_gates_GateHwi_Object__DESC__C 
*          0    00001090    00000020     
                  00001090    00000020     app_ble_pem3.oem3 (.const:ti_sysbios_gates_GateHwi_Object__DESC__C)

.const:ti_sysbios_gates_GateMutex_Object__DESC__C 
*          0    000010b0    00000020     
                  000010b0    00000020     app_ble_pem3.oem3 (.const:ti_sysbios_gates_GateMutex_Object__DESC__C)

.const:ti_sysbios_hal_Hwi_Object__DESC__C 
*          0    000010d0    00000020     
                  000010d0    00000020     app_ble_pem3.oem3 (.const:ti_sysbios_hal_Hwi_Object__DESC__C)

.const:ti_sysbios_heaps_HeapMem_Object__DESC__C 
*          0    000010f0    00000020     
                  000010f0    00000020     app_ble_pem3.oem3 (.const:ti_sysbios_heaps_HeapMem_Object__DESC__C)

.const:ti_sysbios_knl_Clock_Object__DESC__C 
*          0    00001110    00000020     
                  00001110    00000020     app_ble_pem3.oem3 (.const:ti_sysbios_knl_Clock_Object__DESC__C)

.const:ti_sysbios_knl_Event_Object__DESC__C 
*          0    00001130    00000020     
                  00001130    00000020     app_ble_pem3.oem3 (.const:ti_sysbios_knl_Event_Object__DESC__C)

.const:ti_sysbios_knl_Mailbox_Object__DESC__C 
*          0    00001150    00000020     
                  00001150    00000020     app_ble_pem3.oem3 (.const:ti_sysbios_knl_Mailbox_Object__DESC__C)

.const:ti_sysbios_knl_Queue_Object__DESC__C 
*          0    00001170    00000020     
                  00001170    00000020     app_ble_pem3.oem3 (.const:ti_sysbios_knl_Queue_Object__DESC__C)

.const:ti_sysbios_knl_Semaphore_Object__DESC__C 
*          0    00001190    00000020     
                  00001190    00000020     app_ble_pem3.oem3 (.const:ti_sysbios_knl_Semaphore_Object__DESC__C)

.const:ti_sysbios_knl_Swi_Object__DESC__C 
*          0    000011b0    00000020     
                  000011b0    00000020     app_ble_pem3.oem3 (.const:ti_sysbios_knl_Swi_Object__DESC__C)

.const:ti_sysbios_knl_Task_Object__DESC__C 
*          0    000011d0    00000020     
                  000011d0    00000020     app_ble_pem3.oem3 (.const:ti_sysbios_knl_Task_Object__DESC__C)

.const:ti_sysbios_knl_Idle_funcList__C 
*          0    000011f0    00000008     
                  000011f0    00000008     app_ble_pem3.oem3 (.const:ti_sysbios_knl_Idle_funcList__C)

.const:ti_sysbios_family_arm_cc26xx_Timer_startupNeeded__C 
*          0    000011f8    00000004     
                  000011f8    00000004     app_ble_pem3.oem3 (.const:ti_sysbios_family_arm_cc26xx_Timer_startupNeeded__C)

.const:ti_sysbios_family_arm_m3_Hwi_E_alreadyDefined__C 
*          0    000011fc    00000004     
                  000011fc    00000004     app_ble_pem3.oem3 (.const:ti_sysbios_family_arm_m3_Hwi_E_alreadyDefined__C)

.const:ti_sysbios_family_arm_m3_Hwi_E_hwiLimitExceeded__C 
*          0    00001200    00000004     
                  00001200    00000004     app_ble_pem3.oem3 (.const:ti_sysbios_family_arm_m3_Hwi_E_hwiLimitExceeded__C)

.const:ti_sysbios_family_arm_m3_Hwi_NUM_INTERRUPTS__C 
*          0    00001204    00000004     
                  00001204    00000004     app_ble_pem3.oem3 (.const:ti_sysbios_family_arm_m3_Hwi_NUM_INTERRUPTS__C)

.const:ti_sysbios_family_arm_m3_Hwi_Object__count__C 
*          0    00001208    00000004     
                  00001208    00000004     app_ble_pem3.oem3 (.const:ti_sysbios_family_arm_m3_Hwi_Object__count__C)

.const:ti_sysbios_family_arm_m3_Hwi_Object__table__C 
*          0    0000120c    00000004     
                  0000120c    00000004     app_ble_pem3.oem3 (.const:ti_sysbios_family_arm_m3_Hwi_Object__table__C)

.const:ti_sysbios_family_arm_m3_Hwi_ccr__C 
*          0    00001210    00000004     
                  00001210    00000004     app_ble_pem3.oem3 (.const:ti_sysbios_family_arm_m3_Hwi_ccr__C)

.const:ti_sysbios_family_arm_m3_Hwi_excHandlerFunc__C 
*          0    00001214    00000004     
                  00001214    00000004     app_ble_pem3.oem3 (.const:ti_sysbios_family_arm_m3_Hwi_excHandlerFunc__C)

.const:ti_sysbios_family_arm_m3_Hwi_nullIsrFunc__C 
*          0    00001218    00000004     
                  00001218    00000004     app_ble_pem3.oem3 (.const:ti_sysbios_family_arm_m3_Hwi_nullIsrFunc__C)

.const:ti_sysbios_family_arm_m3_Hwi_numSparseInterrupts__C 
*          0    0000121c    00000004     
                  0000121c    00000004     app_ble_pem3.oem3 (.const:ti_sysbios_family_arm_m3_Hwi_numSparseInterrupts__C)

.const:ti_sysbios_family_arm_m3_Hwi_priGroup__C 
*          0    00001220    00000004     
                  00001220    00000004     app_ble_pem3.oem3 (.const:ti_sysbios_family_arm_m3_Hwi_priGroup__C)

.const:ti_sysbios_family_arm_m3_TaskSupport_stackAlignment__C 
*          0    00001224    00000004     
                  00001224    00000004     app_ble_pem3.oem3 (.const:ti_sysbios_family_arm_m3_TaskSupport_stackAlignment__C)

.const:ti_sysbios_heaps_HeapMem_E_memory__C 
*          0    00001228    00000004     
                  00001228    00000004     app_ble_pem3.oem3 (.const:ti_sysbios_heaps_HeapMem_E_memory__C)

.const:ti_sysbios_heaps_HeapMem_Module__gateObj__C 
*          0    0000122c    00000004     
                  0000122c    00000004     app_ble_pem3.oem3 (.const:ti_sysbios_heaps_HeapMem_Module__gateObj__C)

.const:ti_sysbios_heaps_HeapMem_Object__count__C 
*          0    00001230    00000004     
                  00001230    00000004     app_ble_pem3.oem3 (.const:ti_sysbios_heaps_HeapMem_Object__count__C)

.const:ti_sysbios_heaps_HeapMem_Object__table__C 
*          0    00001234    00000004     
                  00001234    00000004     app_ble_pem3.oem3 (.const:ti_sysbios_heaps_HeapMem_Object__table__C)

.const:ti_sysbios_heaps_HeapMem_reqAlign__C 
*          0    00001238    00000004     
                  00001238    00000004     app_ble_pem3.oem3 (.const:ti_sysbios_heaps_HeapMem_reqAlign__C)

.const:ti_sysbios_knl_Clock_triggerClock__C 
*          0    0000123c    00000004     
                  0000123c    00000004     app_ble_pem3.oem3 (.const:ti_sysbios_knl_Clock_triggerClock__C)

.const:ti_sysbios_knl_Mailbox_Object__count__C 
*          0    00001240    00000004     
                  00001240    00000004     app_ble_pem3.oem3 (.const:ti_sysbios_knl_Mailbox_Object__count__C)

.const:ti_sysbios_knl_Mailbox_Object__table__C 
*          0    00001244    00000004     
                  00001244    00000004     app_ble_pem3.oem3 (.const:ti_sysbios_knl_Mailbox_Object__table__C)

.const:ti_sysbios_knl_Mailbox_maxTypeAlign__C 
*          0    00001248    00000004     
                  00001248    00000004     app_ble_pem3.oem3 (.const:ti_sysbios_knl_Mailbox_maxTypeAlign__C)

.const:ti_sysbios_knl_Queue_Object__count__C 
*          0    0000124c    00000004     
                  0000124c    00000004     app_ble_pem3.oem3 (.const:ti_sysbios_knl_Queue_Object__count__C)

.const:ti_sysbios_knl_Queue_Object__table__C 
*          0    00001250    00000004     
                  00001250    00000004     app_ble_pem3.oem3 (.const:ti_sysbios_knl_Queue_Object__table__C)

.const:ti_sysbios_knl_Semaphore_eventPost__C 
*          0    00001254    00000004     
                  00001254    00000004     app_ble_pem3.oem3 (.const:ti_sysbios_knl_Semaphore_eventPost__C)

.const:ti_sysbios_knl_Semaphore_eventSync__C 
*          0    00001258    00000004     
                  00001258    00000004     app_ble_pem3.oem3 (.const:ti_sysbios_knl_Semaphore_eventSync__C)

.const:ti_sysbios_knl_Swi_Object__count__C 
*          0    0000125c    00000004     
                  0000125c    00000004     app_ble_pem3.oem3 (.const:ti_sysbios_knl_Swi_Object__count__C)

.const:ti_sysbios_knl_Swi_Object__table__C 
*          0    00001260    00000004     
                  00001260    00000004     app_ble_pem3.oem3 (.const:ti_sysbios_knl_Swi_Object__table__C)

.const:ti_sysbios_knl_Swi_numPriorities__C 
*          0    00001264    00000004     
                  00001264    00000004     app_ble_pem3.oem3 (.const:ti_sysbios_knl_Swi_numPriorities__C)

.const:ti_sysbios_knl_Task_Object__count__C 
*          0    00001268    00000004     
                  00001268    00000004     app_ble_pem3.oem3 (.const:ti_sysbios_knl_Task_Object__count__C)

.const:ti_sysbios_knl_Task_Object__table__C 
*          0    0000126c    00000004     
                  0000126c    00000004     app_ble_pem3.oem3 (.const:ti_sysbios_knl_Task_Object__table__C)

.const:ti_sysbios_knl_Task_allBlockedFunc__C 
*          0    00001270    00000004     
                  00001270    00000004     app_ble_pem3.oem3 (.const:ti_sysbios_knl_Task_allBlockedFunc__C)

.const:ti_sysbios_knl_Task_defaultStackHeap__C 
*          0    00001274    00000004     
                  00001274    00000004     app_ble_pem3.oem3 (.const:ti_sysbios_knl_Task_defaultStackHeap__C)

.const:ti_sysbios_knl_Task_defaultStackSize__C 
*          0    00001278    00000004     
                  00001278    00000004     app_ble_pem3.oem3 (.const:ti_sysbios_knl_Task_defaultStackSize__C)

.const:ti_sysbios_knl_Task_numConstructedTasks__C 
*          0    0000127c    00000004     
                  0000127c    00000004     app_ble_pem3.oem3 (.const:ti_sysbios_knl_Task_numConstructedTasks__C)

.const:ti_sysbios_family_arm_cc26xx_Timer_Module__id__C 
*          0    00001280    00000002     
                  00001280    00000002     app_ble_pem3.oem3 (.const:ti_sysbios_family_arm_cc26xx_Timer_Module__id__C)

.const:ti_sysbios_family_arm_cc26xx_TimestampProvider_useClockTimer__C 
*          0    00001282    00000002     
                  00001282    00000002     app_ble_pem3.oem3 (.const:ti_sysbios_family_arm_cc26xx_TimestampProvider_useClockTimer__C)

.const:ti_sysbios_family_arm_m3_Hwi_Module__id__C 
*          0    00001284    00000002     
                  00001284    00000002     app_ble_pem3.oem3 (.const:ti_sysbios_family_arm_m3_Hwi_Module__id__C)

.const:ti_sysbios_gates_GateHwi_Module__id__C 
*          0    00001286    00000002     
                  00001286    00000002     app_ble_pem3.oem3 (.const:ti_sysbios_gates_GateHwi_Module__id__C)

.const:ti_sysbios_gates_GateMutex_Module__id__C 
*          0    00001288    00000002     
                  00001288    00000002     app_ble_pem3.oem3 (.const:ti_sysbios_gates_GateMutex_Module__id__C)

.const:ti_sysbios_heaps_HeapMem_Module__id__C 
*          0    0000128a    00000002     
                  0000128a    00000002     app_ble_pem3.oem3 (.const:ti_sysbios_heaps_HeapMem_Module__id__C)

.const:ti_sysbios_knl_Task_initStackFlag__C 
*          0    0000128c    00000002     
                  0000128c    00000002     app_ble_pem3.oem3 (.const:ti_sysbios_knl_Task_initStackFlag__C)

.const:ti_sysbios_knl_Clock_tickMode__C 
*          0    0000128e    00000001     
                  0000128e    00000001     app_ble_pem3.oem3 (.const:ti_sysbios_knl_Clock_tickMode__C)

.const:xdc_runtime_Startup_firstFxns__C 
*          0    00001290    00000008     
                  00001290    00000008     app_ble_pem3.oem3 (.const:xdc_runtime_Startup_firstFxns__C)

.const:xdc_runtime_Startup_lastFxns__C 
*          0    00001298    00000008     
                  00001298    00000008     app_ble_pem3.oem3 (.const:xdc_runtime_Startup_lastFxns__C)

.const:xdc_runtime_Assert_E_assertFailed__C 
*          0    000012a0    00000004     
                  000012a0    00000004     app_ble_pem3.oem3 (.const:xdc_runtime_Assert_E_assertFailed__C)

.const:xdc_runtime_Error_E_memory__C 
*          0    000012a4    00000004     
                  000012a4    00000004     app_ble_pem3.oem3 (.const:xdc_runtime_Error_E_memory__C)

.const:xdc_runtime_Error_policyFxn__C 
*          0    000012a8    00000004     
                  000012a8    00000004     app_ble_pem3.oem3 (.const:xdc_runtime_Error_policyFxn__C)

.const:xdc_runtime_Error_raiseHook__C 
*          0    000012ac    00000004     
                  000012ac    00000004     app_ble_pem3.oem3 (.const:xdc_runtime_Error_raiseHook__C)

.const:xdc_runtime_IGateProvider_Interface__BASE__C 
*          0    000012b0    00000004     
                  000012b0    00000004     app_ble_pem3.oem3 (.const:xdc_runtime_IGateProvider_Interface__BASE__C)

.const:xdc_runtime_IHeap_Interface__BASE__C 
*          0    000012b4    00000004     
                  000012b4    00000004     app_ble_pem3.oem3 (.const:xdc_runtime_IHeap_Interface__BASE__C)

.const:xdc_runtime_IModule_Interface__BASE__C 
*          0    000012b8    00000004     
                  000012b8    00000004     app_ble_pem3.oem3 (.const:xdc_runtime_IModule_Interface__BASE__C)

.const:xdc_runtime_Memory_defaultHeapInstance__C 
*          0    000012bc    00000004     
                  000012bc    00000004     app_ble_pem3.oem3 (.const:xdc_runtime_Memory_defaultHeapInstance__C)

.const:xdc_runtime_Startup_execImpl__C 
*          0    000012c0    00000004     
                  000012c0    00000004     app_ble_pem3.oem3 (.const:xdc_runtime_Startup_execImpl__C)

.const:xdc_runtime_Startup_maxPasses__C 
*          0    000012c4    00000004     
                  000012c4    00000004     app_ble_pem3.oem3 (.const:xdc_runtime_Startup_maxPasses__C)

.const:xdc_runtime_Startup_sfxnRts__C 
*          0    000012c8    00000004     
                  000012c8    00000004     app_ble_pem3.oem3 (.const:xdc_runtime_Startup_sfxnRts__C)

.const:xdc_runtime_Startup_sfxnTab__C 
*          0    000012cc    00000004     
                  000012cc    00000004     app_ble_pem3.oem3 (.const:xdc_runtime_Startup_sfxnTab__C)

.const:xdc_runtime_Startup_startModsFxn__C 
*          0    000012d0    00000004     
                  000012d0    00000004     app_ble_pem3.oem3 (.const:xdc_runtime_Startup_startModsFxn__C)

.const:xdc_runtime_SysCallback_abortFxn__C 
*          0    000012d4    00000004     
                  000012d4    00000004     app_ble_pem3.oem3 (.const:xdc_runtime_SysCallback_abortFxn__C)

.const:xdc_runtime_SysCallback_exitFxn__C 
*          0    000012d8    00000004     
                  000012d8    00000004     app_ble_pem3.oem3 (.const:xdc_runtime_SysCallback_exitFxn__C)

.const:xdc_runtime_System_abortFxn__C 
*          0    000012dc    00000004     
                  000012dc    00000004     app_ble_pem3.oem3 (.const:xdc_runtime_System_abortFxn__C)

.const:xdc_runtime_System_exitFxn__C 
*          0    000012e0    00000004     
                  000012e0    00000004     app_ble_pem3.oem3 (.const:xdc_runtime_System_exitFxn__C)

.const:xdc_runtime_System_maxAtexitHandlers__C 
*          0    000012e4    00000004     
                  000012e4    00000004     app_ble_pem3.oem3 (.const:xdc_runtime_System_maxAtexitHandlers__C)

.const:xdc_runtime_Text_charTab__C 
*          0    000012e8    00000004     
                  000012e8    00000004     app_ble_pem3.oem3 (.const:xdc_runtime_Text_charTab__C)

.const:xdc_runtime_Text_nameEmpty__C 
*          0    000012ec    00000004     
                  000012ec    00000004     app_ble_pem3.oem3 (.const:xdc_runtime_Text_nameEmpty__C)

.const:xdc_runtime_Text_nameStatic__C 
*          0    000012f0    00000004     
                  000012f0    00000004     app_ble_pem3.oem3 (.const:xdc_runtime_Text_nameStatic__C)

.const:xdc_runtime_Text_nameUnknown__C 
*          0    000012f4    00000004     
                  000012f4    00000004     app_ble_pem3.oem3 (.const:xdc_runtime_Text_nameUnknown__C)

.const:xdc_runtime_Error_maxDepth__C 
*          0    000012f8    00000002     
                  000012f8    00000002     app_ble_pem3.oem3 (.const:xdc_runtime_Error_maxDepth__C)

.const:xdc_runtime_Memory_Module__id__C 
*          0    000012fa    00000002     
                  000012fa    00000002     app_ble_pem3.oem3 (.const:xdc_runtime_Memory_Module__id__C)

.const:xdc_runtime_Text_charCnt__C 
*          0    000012fc    00000002     
                  000012fc    00000002     app_ble_pem3.oem3 (.const:xdc_runtime_Text_charCnt__C)

.const:xdc_runtime_Text_isLoaded__C 
*          0    000012fe    00000002     
                  000012fe    00000002     app_ble_pem3.oem3 (.const:xdc_runtime_Text_isLoaded__C)

.const:xdc_runtime_Error_policy__C 
*          0    00001300    00000001     
                  00001300    00000001     app_ble_pem3.oem3 (.const:xdc_runtime_Error_policy__C)

.const:ti_sysbios_rom_ROM_ti_sysbios_family_arm_cc26xx_Timer_getCount64__E 
*          0    00001304    00000004     
                  00001304    00000004     app_ble_pem3.oem3 (.const:ti_sysbios_rom_ROM_ti_sysbios_family_arm_cc26xx_Timer_getCount64__E)

.const:ti_sysbios_rom_ROM_ti_sysbios_family_arm_cc26xx_Timer_getCurrentTick__E 
*          0    00001308    00000004     
                  00001308    00000004     app_ble_pem3.oem3 (.const:ti_sysbios_rom_ROM_ti_sysbios_family_arm_cc26xx_Timer_getCurrentTick__E)

.const:ti_sysbios_rom_ROM_ti_sysbios_family_arm_cc26xx_Timer_getMaxTicks__E 
*          0    0000130c    00000004     
                  0000130c    00000004     app_ble_pem3.oem3 (.const:ti_sysbios_rom_ROM_ti_sysbios_family_arm_cc26xx_Timer_getMaxTicks__E)

.const:ti_sysbios_rom_ROM_ti_sysbios_family_arm_cc26xx_Timer_initDevice__I 
*          0    00001310    00000004     
                  00001310    00000004     app_ble_pem3.oem3 (.const:ti_sysbios_rom_ROM_ti_sysbios_family_arm_cc26xx_Timer_initDevice__I)

.const:ti_sysbios_rom_ROM_ti_sysbios_family_arm_cc26xx_Timer_setNextTick__E 
*          0    00001314    00000004     
                  00001314    00000004     app_ble_pem3.oem3 (.const:ti_sysbios_rom_ROM_ti_sysbios_family_arm_cc26xx_Timer_setNextTick__E)

.const:ti_sysbios_rom_ROM_ti_sysbios_family_arm_cc26xx_Timer_setThreshold__I 
*          0    00001318    00000004     
                  00001318    00000004     app_ble_pem3.oem3 (.const:ti_sysbios_rom_ROM_ti_sysbios_family_arm_cc26xx_Timer_setThreshold__I)

.const:ti_sysbios_rom_ROM_ti_sysbios_family_arm_cc26xx_Timer_start__E 
*          0    0000131c    00000004     
                  0000131c    00000004     app_ble_pem3.oem3 (.const:ti_sysbios_rom_ROM_ti_sysbios_family_arm_cc26xx_Timer_start__E)

.const:ti_sysbios_rom_ROM_ti_sysbios_family_arm_cc26xx_TimestampProvider_get32__E 
*          0    00001320    00000004     
                  00001320    00000004     app_ble_pem3.oem3 (.const:ti_sysbios_rom_ROM_ti_sysbios_family_arm_cc26xx_TimestampProvider_get32__E)

.const:ti_sysbios_rom_ROM_xdc_runtime_Startup_getState__I 
*          0    00001324    00000004     
                  00001324    00000004     app_ble_pem3.oem3 (.const:ti_sysbios_rom_ROM_xdc_runtime_Startup_getState__I)

.const:ti_sysbios_rom_ROM_xdc_runtime_System_SupportProxy_abort__E 
*          0    00001328    00000004     
                  00001328    00000004     app_ble_pem3.oem3 (.const:ti_sysbios_rom_ROM_xdc_runtime_System_SupportProxy_abort__E)

.const:ti_sysbios_rom_ROM_xdc_runtime_System_SupportProxy_exit__E 
*          0    0000132c    00000004     
                  0000132c    00000004     app_ble_pem3.oem3 (.const:ti_sysbios_rom_ROM_xdc_runtime_System_SupportProxy_exit__E)

.text.2    0    00001330    00014a48     
                  00001330    0000079c     cc2640_ll_xcxx.a : ble.o (.text)
                  00001acc    0000056c                      : ll_master_end_causes.o (.text)
                  00002038    00000508     simple_central.obj (.text:SimpleBLECentral_handleKeys$1)
                  00002540    0000049c     simple_central.obj (.text:SimpleBLECentral_taskFxn$1)
                  000029dc    00000494     ble5_simple_central_cc2640r2lp_stack_library.lib : gapbondmgr.obj (.text:GAPBondMgr_ProcessEvent)
                  00002e70    00000485     simple_central.obj (.text:SimpleBLECentral_processStackMsg$1)
                  000032f5    00000001     --HOLE-- [fill = 0]
                  000032f6    00000002     ble_user_config.obj (.text:DefaultAssertCback)
                  000032f8    000003b8     cc2640_ll_xcxx.a : ll_init_end_causes.o (.text)
                  000036b0    00000398                      : ll_scheduler.o (.text)
                  00003a48    00000358                      : ll_isr.o (.text)
                  00003da0    00000358     RFCC26XX_singleMode.obj (.text:fsmActiveState$4)
                  000040f8    0000033c     rom_sysbios.aem3 : rom_sysbios.obj (.text:xdc_runtime_System_doPrint__I)
                  00004434    00000314     drivers_cc26x0r2.aem3 : PowerCC26XX_calibrateRCOSC.oem3 (.text:PowerCC26XX_auxISR)
                  00004748    000002e4     cc2640_ll_xcxx.a : ll_isr.o (.text)
                  00004a2c    000002bc                      : ll.o (.text)
                  00004ce8    000002bc     ble5_simple_central_cc2640r2lp_stack_library.lib : icall_startup.obj (.text:startup_entry)
                  00004fa4    000002ac                                                      : gapbondmgr.obj (.text:GAPBondMgr_SetParameter)
                  00005250    00000260     cc2640_ll_xcxx.a : ll.o (.text)
                  000054b0    00000254     cc26xx_profiles_xcxx.a : gapgattserver.o (.text)
                  00005704    0000024c     drivers_cc26x0r2.aem3 : CryptoCC26XX.oem3 (.text:cryptoTransactionExecute)
                  00005950    0000023c                           : PowerCC26XX.oem3 (.text:Power_sleep)
                  00005b8c    00000220     RFCC26XX_singleMode.obj (.text:RF_open)
                  00005dac    00000210     driverlib.lib : sys_ctrl.obj (.text:NOROM_SysCtrlSetRechargeBeforePowerDown)
                  00005fbc    00000210     cc26xx_profiles_xcxx.a : gattservapp.o (.text)
                  000061cc    0000020c     cc2640_ll_xcxx.a : ll_common.o (.text)
                  000063d8    00000208                      : ll_common.o (.text)
                  000065e0    00000204     cc26xx_sm_xcxx.a : sm_pairing.o (.text)
                  000067e4    000001f4     rtsv7M3_T_le_eabi.lib : ull_div_t2.obj (.text)
                  000069d8    000001e4     cc2640_ll_xcxx.a : ll_common.o (.text)
                  00006bbc    000001e4                      : ll_master_end_causes.o (.text)
                  00006da0    000001dc     RFCC26XX_singleMode.obj (.text:fsmSetupState$4)
                  00006f7c    000001d8     cc2640_ll_xcxx.a : ll_common.o (.text)
                  00007154    000001d0     ble5_simple_central_cc2640r2lp_stack_library.lib : gapbondmgr.obj (.text:gapBondMgrAddBond$29)
                  00007324    000001c4     cc26xx_sm_xcxx.a : sm_intpairing.o (.text)
                  000074e8    000001c0     cc2640_ll_xcxx.a : ll_isr.o (.text)
                  000076a8    000001c0     ble5_simple_central_cc2640r2lp_stack_library.lib : osal.obj (.text:osal_start_system)
                  00007868    000001a8     RFCC26XX_singleMode.obj (.text:RF_postCmd)
                  00007a10    000001a8     cc2640_ll_xcxx.a : ll.o (.text)
                  00007bb8    00000198                      : ll_common.o (.text)
                  00007d50    00000194     icall.obj (.text:icall_directAPI)
                  00007ee4    00000190     ECCROMCC26XX.obj (.text:ECCROMCC26XX_genDHKey)
                  00008074    00000190     drivers_cc26x0r2.aem3 : PowerCC26XX_calibrateRCOSC.oem3 (.text:PowerCC26XX_doCalibrate)
                  00008204    00000190     ble5_simple_central_cc2640r2lp_stack_library.lib : gapbondmgr.obj (.text:gapBondMgrAuthenticate$29)
                  00008394    0000018c     drivers_cc26x0r2.aem3 : PINCC26XX.oem3 (.text:PIN_init)
                  00008520    00000180     cc2640_ll_xcxx.a : ll_master_end_causes.o (.text)
                  000086a0    0000017c     RFCC26XX_singleMode.obj (.text:abortCmd$4)
                  0000881c    00000174     cc26xx_gatt_xcxx.a : gatt_client.o (.text)
                  00008990    00000164     cc2640_ll_xcxx.a : ll.o (.text)
                  00008af4    00000160     cc26xx_gatt_xcxx.a : gatt_client.o (.text)
                  00008c54    0000015c     drivers_cc26x0r2.aem3 : UARTCC26XX.oem3 (.text:UARTCC26XX_open)
                  00008db0    00000150     cc26xx_sm_xcxx.a : sm_intpairing.o (.text)
                  00008f00    00000148     cc26xx_gap_xcxx.a : gap_linkmgr.o (.text)
                  00009048    00000144     cc2640_ll_xcxx.a : ll_common.o (.text)
                  0000918c    00000140     main.obj (.text:AssertHandler)
                  000092cc    0000013c     drivers_cc26x0r2.aem3 : PowerCC26XX.oem3 (.text:Power_init)
                  00009408    00000138     cc2640_ll_xcxx.a : ll.o (.text)
                  00009540    00000128     ECCROMCC26XX.obj (.text:ECCROMCC26XX_genKeys)
                  00009668    00000128     cc2640_ll_xcxx.a : ll_scheduler.o (.text)
                  00009790    00000128     ble5_simple_central_cc2640r2lp_stack_library.lib : gapbondmgr.obj (.text:gapBondMgrEraseBonding$29)
                  000098b8    0000011c                                                      : osal_snv_wrapper.obj (.text:compactPage$26)
                  000099d4    00000118     drivers_cc26x0r2.aem3 : UARTCC26XX.oem3 (.text:UARTCC26XX_read)
                  00009aec    00000118     cc2640_ll_xcxx.a : ll.o (.text)
                  00009c04    00000114     simple_central.obj (.text:SimpleBLECentral_processGATTDiscEvent$1)
                  00009d18    0000010c     RFCC26XX_singleMode.obj (.text:hwiFxnCpe0Active$4)
                  00009e24    0000010a     drivers_cc26x0r2.aem3 : UARTCC26XX.oem3 (.text:UARTCC26XX_hwiIntFxn)
                  00009f2e    00000002     display.aem3 : DisplayUart.oem3 (.text:DisplayUartAnsi_init)
                  00009f30    00000104     cc26xx_gap_xcxx.a : gap_centdevmgr.o (.text)
                  0000a034    00000100     ble5_simple_central_cc2640r2lp_stack_library.lib : gapbondmgr.obj (.text:GAPBondMgr_LinkEst)
                  0000a134    00000100     cc2640_ll_xcxx.a : ll_scan_end_causes.o (.text)
                  0000a234    00000100     cc26xx_sm_xcxx.a : sm_task.o (.text)
                  0000a334    000000fc     drivers_cc26x0r2.aem3 : UARTCC26XX.oem3 (.text:UARTCC26XX_write)
                  0000a430    000000fc     cc26xx_gap_xcxx.a : gap_centlinkmgr.o (.text)
                  0000a52c    000000f8     cc2640_ll_xcxx.a : ll.o (.text)
                  0000a624    000000f8     ble5_simple_central_cc2640r2lp_stack_library.lib : osal_snv_wrapper.obj (.text:osal_snv_write)
                  0000a71c    000000f8     RFCC26XX_singleMode.obj (.text:radioOpDoneCb$4)
                  0000a814    000000f8     app_ble_pem3.oem3 (.text:xdc_runtime_System_printfExtend__I)
                  0000a90c    000000f4     RFCC26XX_singleMode.obj (.text:fsmPowerUpState$4)
                  0000aa00    000000f0     cc2640_ll_xcxx.a : ll.o (.text)
                  0000aaf0    000000f0                      : ll_common.o (.text)
                  0000abe0    000000f0     central.obj (.text:gapCentralRole_ProcessGAPMsg$11)
                  0000acd0    000000ec     ble5_simple_central_cc2640r2lp_stack_library.lib : osal_timers.obj (.text:osalTimerUpdate)
                  0000adbc    000000e8     cc2640_ll_xcxx.a : ll.o (.text)
                  0000aea4    000000e4                      : ll.o (.text)
                  0000af88    000000e4     cc26xx_gatt_xcxx.a : gatt_client.o (.text)
                  0000b06c    000000e4     cc26xx_sm_xcxx.a : sm_intpairing.o (.text)
                  0000b150    000000e0                      : sm_pairing.o (.text)
                  0000b230    000000dc     drivers_cc26x0r2.aem3 : PINCC26XX.oem3 (.text:PINCC26XX_setIoCfg)
                  0000b30c    000000dc     cc2640_hci_xcxx.a : hci_event.o (.text)
                  0000b3e8    000000dc     cc26xx_gap_xcxx.a : gap_centdevmgr.o (.text)
                  0000b4c4    000000d8                       : gap_linkmgr.o (.text)
                  0000b59c    000000d4     drivers_cc26x0r2.aem3 : CryptoCC26XX.oem3 (.text:CryptoCC26XX_open)
                  0000b670    000000d4     dpl_cc26x0r2.aem3 : PowerCC26XX_tirtos.oem3 (.text:PowerCC26XX_standbyPolicy)
                  0000b744    000000d4     central.obj (.text:gapCentralRole_taskFxn$11)
                  0000b818    000000d0     cc2640_ll_xcxx.a : ll_scan_end_causes.o (.text)
                  0000b8e8    000000ce     cc26xx_sm_xcxx.a : sm_pairing.o (.text)
                  0000b9b6    00000002     ble5_simple_central_cc2640r2lp_stack_library.lib : onboard.obj (.text:Onboard_soft_reset)
                  0000b9b8    000000c4     cc26xx_sm_xcxx.a : sm_pairing.o (.text)
                  0000ba7c    000000c2     cc2640_ll_xcxx.a : ll.o (.text)
                  0000bb3e    00000002     ble5_simple_central_cc2640r2lp_stack_library.lib : sm_ecc.obj (.text:SM_dhKeyCB)
                  0000bb40    000000c0     cc2640_ll_xcxx.a : ll_common.o (.text)
                  0000bc00    000000c0     ble5_simple_central_cc2640r2lp_stack_library.lib : osal.obj (.text:osal_set_event)
                  0000bcc0    000000bc     drivers_cc26x0r2.aem3 : PowerCC26XX.oem3 (.text:Power_releaseDependency)
                  0000bd7c    000000bc     cc2640_hci_xcxx.a : hci_event.o (.text)
                  0000be38    000000b8     driverlib.lib : setup.obj (.text:NOROM_SetupTrimDevice)
                  0000bef0    000000b8     cc2640_ll_xcxx.a : ll_scheduler.o (.text)
                  0000bfa8    000000b4     drivers_cc26x0r2.aem3 : PowerCC26XX.oem3 (.text:Power_setDependency)
                  0000c05c    000000b0     TRNGCC26XX.obj (.text:TRNGCC26XX_getNumber)
                  0000c10c    000000b0     drivers_cc26x0r2.aem3 : UARTCC26XX.oem3 (.text:UARTCC26XX_initHw)
                  0000c1bc    000000b0     cc2640_ll_xcxx.a : ble.o (.text)
                  0000c26c    000000b0     cc26xx_gap_xcxx.a : gap_linkmgr.o (.text)
                  0000c31c    000000ac     display.aem3 : DisplayUart.oem3 (.text:DisplayUartAnsi_clearLines)
                  0000c3c8    000000ac     cc2640_ll_xcxx.a : ll.o (.text)
                  0000c474    000000ac     main.obj (.text:main)
                  0000c520    000000aa     cc2640_ll_xcxx.a : ll_common.o (.text)
                  0000c5ca    00000002     ble5_simple_central_cc2640r2lp_stack_library.lib : sm_ecc.obj (.text:SM_p256KeyCB)
                  0000c5cc    000000a8     cc2640_ll_xcxx.a : ll.o (.text)
                  0000c674    000000a8                      : ll.o (.text)
                  0000c71c    000000a8     cc26xx_gatt_xcxx.a : gatt_client.o (.text)
                  0000c7c4    000000a7     display.aem3 : DisplayUart.oem3 (.text:DisplayUartAnsi_open)
                  0000c86b    00000001     --HOLE-- [fill = 0]
                  0000c86c    000000a4     ble5_simple_central_cc2640r2lp_stack_library.lib : gapbondmgr.obj (.text:GAPBondMgr_ResolveAddr)
                  0000c910    000000a4     cc2640_ll_xcxx.a : ll.o (.text)
                  0000c9b4    000000a4     cc26xx_sm_xcxx.a : sm_intpairing.o (.text)
                  0000ca58    000000a4     ble5_simple_central_cc2640r2lp_stack_library.lib : osal.obj (.text:osal_msg_enqueue_push$21)
                  0000cafc    000000a0     auto_init.aem3 : auto_init.oem3 (.text)
                  0000cb9c    000000a0     cc2640_hci_xcxx.a : hci_event.o (.text)
                  0000cc3c    000000a0     cc2640_ll_xcxx.a : ll_common.o (.text)
                  0000ccdc    0000009f     display.aem3 : DisplayUart.oem3 (.text:DisplayUartAnsi_vprintf)
                  0000cd7b    00000001     --HOLE-- [fill = 0]
                  0000cd7c    0000009e     ble5_simple_central_cc2640r2lp_stack_library.lib : gapbondmgr.obj (.text:gapBondMgrUpdateCharCfg$29)
                  0000ce1a    00000002     RFCC26XX_singleMode.obj (.text:defaultCallback$4)
                  0000ce1c    0000009e     rom_sysbios.aem3 : rom_sysbios.obj (.text:xdc_runtime_Text_putSite__E)
                  0000ceba    00000002     drivers_cc26x0r2.aem3 : PowerCC26XX.oem3 (.text:emptyClockFunc)
                  0000cebc    0000009c     ble5_simple_central_cc2640r2lp_stack_library.lib : osal_cbtimer.obj (.text:cbTimerSetup$23)
                  0000cf58    0000009c     cc2640_ll_xcxx.a : ll_scheduler.o (.text)
                  0000cff4    0000009c     rtsv7M3_T_le_eabi.lib : memcpy_t2.obj (.text)
                  0000d090    00000098     ble5_simple_central_cc2640r2lp_stack_library.lib : gapbondmgr.obj (.text:GAPBondMgr_syncResolvingList)
                  0000d128    00000098     drivers_cc26x0r2.aem3 : PINCC26XX.oem3 (.text:PIN_open)
                  0000d1c0    00000098                           : UARTCC26XX.oem3 (.text:UARTCC26XX_initIO)
                  0000d258    00000098     cc2640_ll_xcxx.a : ll.o (.text)
                  0000d2f0    00000098                      : ll.o (.text)
                  0000d388    00000098     cc26xx_gap_xcxx.a : gap_centdevmgr.o (.text)
                  0000d420    00000098     rom_sysbios.aem3 : rom_sysbios.obj (.text:ti_sysbios_knl_Clock_workFuncDynamic__E)
                  0000d4b8    00000098                      : rom_sysbios.obj (.text:xdc_runtime_Text_putMod__E)
                  0000d550    00000094     icall.obj (.text:ICall_setTimer)
                  0000d5e4    00000094     cc2640_ll_xcxx.a : ll_common.o (.text)
                  0000d678    00000094                      : ll_enc.o (.text)
                  0000d70c    00000094     ble5_simple_central_cc2640r2lp_stack_library.lib : osal_cbtimer.obj (.text:osal_CbTimerProcessEvent)
                  0000d7a0    00000094                                                      : osal.obj (.text:osal_msg_receive)
                  0000d834    00000094                                                      : osal_timers.obj (.text:osal_timer_refTimeUpdate)
                  0000d8c8    00000094     drivers_cc26x0r2.aem3 : UARTCC26XX.oem3 (.text:writeFinishedDoCallback)
                  0000d95c    00000090     driverlib.lib : crypto.obj (.text:NOROM_CRYPTOAesLoadKey)
                  0000d9ec    00000090                   : setup.obj (.text:TrimAfterColdResetWakeupFromShutDown$16)
                  0000da7c    00000090     cc26xx_gatt_xcxx.a : gatt_client.o (.text)
                  0000db0c    00000090     cc26xx_hci_tl_none.a : hci_tl.o (.text)
                  0000db9c    00000090     cc26xx_sm_xcxx.a : sm_intpairing.o (.text)
                  0000dc2c    0000008c     icall.obj (.text:ICall_heapMalloc)
                  0000dcb8    0000008c     drivers_cc26x0r2.aem3 : UARTCC26XX.oem3 (.text:UARTCC26XX_close)
                  0000dd44    0000008c                           : UARTCC26XX.oem3 (.text:UARTCC26XX_writeCancel)
                  0000ddd0    0000008c     cc2640_ll_xcxx.a : ll_common.o (.text)
                  0000de5c    0000008c                      : ll_enc.o (.text)
                  0000dee8    0000008c     cc26xx_gatt_xcxx.a : gatt_client.o (.text)
                  0000df74    0000008c     drivers_cc26x0r2.aem3 : PowerCC26XX.oem3 (.text:disableLFClockQualifiers)
                  0000e000    00000088     cc2640_hci_xcxx.a : hci_event.o (.text)
                  0000e088    00000088     cc2640_ll_xcxx.a : ll_common.o (.text)
                  0000e110    00000088                      : ll_scan_end_causes.o (.text)
                  0000e198    00000086                      : ll_common.o (.text)
                  0000e21e    00000086     cc26xx_gatt_xcxx.a : gatt_client.o (.text)
                  0000e2a4    00000084     cc2640_ll_xcxx.a : ll.o (.text)
                  0000e328    00000084     drivers_cc26x0r2.aem3 : PowerCC26XX.oem3 (.text:switchXOSCHFclockFunc)
                  0000e3ac    00000080     RFCC26XX_singleMode.obj (.text:RF_pendCmd)
                  0000e42c    00000080     cc2640_ll_xcxx.a : ll.o (.text)
                  0000e4ac    00000080     cc26xx_gatt_xcxx.a : gatt_client.o (.text)
                  0000e52c    0000007e     cc2640_ll_xcxx.a : ll.o (.text)
                  0000e5aa    0000007e     cc26xx_profiles_xcxx.a : gattservapp.o (.text)
                  0000e628    0000007c     cc2640_ll_xcxx.a : ll_init_end_causes.o (.text)
                  0000e6a4    0000007c                      : ll_scheduler.o (.text)
                  0000e720    0000007c     cc26xx_gap_xcxx.a : gap_centdevmgr.o (.text)
                  0000e79c    0000007c                       : gap_linkmgr.o (.text)
                  0000e818    0000007c     cc26xx_gatt_xcxx.a : gatt_client.o (.text)
                  0000e894    0000007c     ble5_simple_central_cc2640r2lp_stack_library.lib : osal.obj (.text:osal_event_send$21)
                  0000e910    0000007c     RFCC26XX_singleMode.obj (.text:swiFxnHw$4)
                  0000e98c    0000007a     drivers_cc26x0r2.aem3 : CryptoCC26XX.oem3 (.text:CryptoCC26XX_allocateKey)
                  0000ea06    0000007a     rtsv7M3_T_le_eabi.lib : memset_t2.obj (.text)
                  0000ea80    00000078     ble5_simple_central_cc2640r2lp_stack_library.lib : gapbondmgr.obj (.text:GAPBondMgr_SlaveReqSecurity)
                  0000eaf8    00000078     cc2640_ll_xcxx.a : ll_common.o (.text)
                  0000eb70    00000078                      : ll_enc.o (.text)
                  0000ebe8    00000078     drivers_cc26x0r2.aem3 : UARTCC26XX.oem3 (.text:writeTxFifoFlush)
                  0000ec60    00000076     cc2640_ll_xcxx.a : ll_common.o (.text)
                  0000ecd6    00000002     ble5_simple_central_cc2640r2lp_stack_library.lib : hal_assert.obj (.text:halAssertHandler)
                  0000ecd8    00000074     cc2640_ll_xcxx.a : ll.o (.text)
                  0000ed4c    00000074                      : ll_common.o (.text)
                  0000edc0    00000074                      : ll_common.o (.text)
                  0000ee34    00000074                      : ll_common.o (.text)
                  0000eea8    00000074     cc26xx_gatt_xcxx.a : gatt_client.o (.text)
                  0000ef1c    00000074     rom_sysbios.aem3 : rom_sysbios.obj (.text:ti_sysbios_family_arm_cc26xx_Timer_start__E)
                  0000ef90    00000070     icall.obj (.text:ICall_heapGetStats)
                  0000f000    00000070     icall.obj (.text:ICall_heapInit)
                  0000f070    00000070     ble5_simple_central_cc2640r2lp_stack_library.lib : ble_dispatch_lite.obj (.text:ble_dispatch_liteProcess)
                  0000f0e0    00000070     cc2640_ll_xcxx.a : ll_common.o (.text)
                  0000f150    00000070     cc26xx_profiles_xcxx.a : gapgattserver.o (.text)
                  0000f1c0    00000070     cc26xx_sm_xcxx.a : sm_intpairing.o (.text)
                  0000f230    00000070     ble5_simple_central_cc2640r2lp_stack_library.lib : osal_snv_wrapper.obj (.text:writeWord$26)
                  0000f2a0    0000006e     cc2640_ll_xcxx.a : ll_common.o (.text)
                  0000f30e    00000002     ble5_simple_central_cc2640r2lp_stack_library.lib : hal_assert.obj (.text:halAssertSpinlock)
                  0000f310    0000006d     rom_sysbios.aem3 : rom_sysbios.obj (.text:xdc_runtime_System_formatNum__I)
                  0000f37d    00000001     --HOLE-- [fill = 0]
                  0000f37e    00000002     icall_api_lite.obj (.text:rfErrCb)
                  0000f380    0000006c     icall.obj (.text:ICall_createRemoteTasks)
                  0000f3ec    0000006c     icall.obj (.text:ICall_send)
                  0000f458    0000006c     icall.obj (.text:ICall_sendServiceComplete)
                  0000f4c4    0000006c     driverlib.lib : osc.obj (.text:NOROM_OSCHF_AttemptToSwitchToXosc)
                  0000f530    0000006c     drivers_cc26x0r2.aem3 : PowerCC26XX_calibrateRCOSC.oem3 (.text:PowerCC26XX_initiateCalibration)
                  0000f59c    0000006c     cc2640_ll_xcxx.a : ble.o (.text)
                  0000f608    0000006c                      : ll.o (.text)
                  0000f674    0000006c                      : ll_common.o (.text)
                  0000f6e0    0000006c     cc26xx_gap_xcxx.a : gap_centdevmgr.o (.text)
                  0000f74c    0000006c     cc26xx_gatt_xcxx.a : gatt_client.o (.text)
                  0000f7b8    0000006c                        : gatt_client.o (.text)
                  0000f824    0000006c     drivers_cc26x0r2.aem3 : PowerCC26XX.oem3 (.text:configureXOSCHF)
                  0000f890    00000068     driverlib.lib : sys_ctrl.obj (.text:NOROM_SysCtrl_DCDC_VoltageConditionalControl)
                  0000f8f8    00000068     drivers_cc26x0r2.aem3 : UARTCC26XX.oem3 (.text:UARTCC26XX_readCancel)
                  0000f960    00000068     cc2640_ll_xcxx.a : ll.o (.text)
                  0000f9c8    00000068                      : ll.o (.text)
                  0000fa30    00000068                      : ll.o (.text)
                  0000fa98    00000068                      : ll.o (.text)
                  0000fb00    00000068                      : ll_common.o (.text)
                  0000fb68    00000068                      : ll_common.o (.text)
                  0000fbd0    00000068                      : ll_privacy.o (.text)
                  0000fc38    00000068     cc26xx_sm_xcxx.a : sm_intpairing.o (.text)
                  0000fca0    00000068     RFCC26XX_singleMode.obj (.text:decActiveClientCnt$4)
                  0000fd08    00000068     rtsv7M3_T_le_eabi.lib : copy_decompress_lzss.obj (.text:decompress:lzss)
                  0000fd70    00000068     ble5_simple_central_cc2640r2lp_stack_library.lib : osal_cbtimer.obj (.text:osal_CbTimerUpdate)
                  0000fdd8    00000066     cc2640_ll_xcxx.a : ll_common.o (.text)
                  0000fe3e    00000066                      : ll_common.o (.text)
                  0000fea4    00000066                      : ll_privacy.o (.text)
                  0000ff0a    00000066                      : ll_privacy.o (.text)
                  0000ff70    00000064     driverlib.lib : sys_ctrl.obj (.text:NOROM_SysCtrlAdjustRechargeAfterPowerDown)
                  0000ffd4    00000064     cc26xx_profiles_xcxx.a : gattservapp.o (.text)
                  00010038    00000064     cc26xx_sm_xcxx.a : sm_intpairing.o (.text)
                  0001009c    00000064     RFCC26XX_singleMode.obj (.text:fsmXOSCState$4)
                  00010100    00000062     cc2640_ll_xcxx.a : ll_common.o (.text)
                  00010162    00000062                      : ll_privacy.o (.text)
                  000101c4    00000062     ble5_simple_central_cc2640r2lp_stack_library.lib : gapbondmgr.obj (.text:gapBondMgrBondReq$29)
                  00010226    00000002     rtsv7M3_T_le_eabi.lib : i_div0.obj (.text)
                  00010228    00000060     icall.obj (.text:ICall_enrollService)
                  00010288    00000060     RFCC26XX_singleMode.obj (.text:RF_getCurrentTime)
                  000102e8    00000060     cc2640_ll_xcxx.a : ll_common.o (.text)
                  00010348    00000060                      : ll_common.o (.text)
                  000103a8    0000005e     icall.obj (.text:ICall_fetchMsg)
                  00010406    0000005e     cc2640_ll_xcxx.a : ll_common.o (.text)
                  00010464    0000005e     cc26xx_gatt_xcxx.a : gatt_client.o (.text)
                  000104c2    00000002     app_ble_pem3.oem3 (.text:ti_sysbios_BIOS_nullFunc__I)
                  000104c4    0000005c     icall.obj (.text:ICall_pwrUpdActivityCounter)
                  00010520    0000005c     drivers_cc26x0r2.aem3 : PowerCC26XX_calibrateRCOSC.oem3 (.text:PowerCC26XX_RCOSC_clockFunc)
                  0001057c    0000005c                           : PowerCC26XX.oem3 (.text:PowerCC26XX_calibrate)
                  000105d8    0000005c     cc26xx_gap_xcxx.a : gap_centlinkmgr.o (.text)
                  00010634    0000005c     cc26xx_gatt_xcxx.a : gatt_client.o (.text)
                  00010690    0000005c     cc26xx_profiles_xcxx.a : gattservapp.o (.text)
                  000106ec    0000005c     cc26xx_sm_xcxx.a : sm_intpairing.o (.text)
                  00010748    0000005c     app_ble_pem3.oem3 (.text:xdc_runtime_Startup_getState__I)
                  000107a4    0000005b     rom_sysbios.aem3 : rom_sysbios.obj (.text:xdc_runtime_Text_putLab__E)
                  000107ff    00000001     --HOLE-- [fill = 0]
                  00010800    0000005a     cc2640_hci_xcxx.a : hci.o (.text)
                  0001085a    0000005a     cc2640_ll_xcxx.a : ll_common.o (.text)
                  000108b4    00000058     icall.obj (.text:ICall_wait)
                  0001090c    00000058     drivers_cc26x0r2.aem3 : PINCC26XX.oem3 (.text:PIN_remove)
                  00010964    00000058                           : UARTCC26XX.oem3 (.text:UARTCC26XX_control)
                  000109bc    00000058     cc2640_ll_xcxx.a : ll.o (.text)
                  00010a14    00000058                      : ll_common.o (.text)
                  00010a6c    00000058                      : ll_common.o (.text)
                  00010ac4    00000058                      : ll_enc.o (.text)
                  00010b1c    00000058     cc26xx_gap_xcxx.a : gap_centdevmgr.o (.text)
                  00010b74    00000058     cc26xx_sm_xcxx.a : sm_intpairing.o (.text)
                  00010bcc    00000058     ble5_simple_central_cc2640r2lp_stack_library.lib : osal_snv_wrapper.obj (.text:findItem$26)
                  00010c24    00000058                                                      : gapbondmgr.obj (.text:gapBondMgrChangeState$29)
                  00010c7c    00000058                                                      : gapbondmgr.obj (.text:gapBondMgrReadBonds$29)
                  00010cd4    00000058                                                      : osal_cbtimer.obj (.text:osal_CbTimerStop)
                  00010d2c    00000056     cc2640_ll_xcxx.a : ll_common.o (.text)
                  00010d82    00000056     cc26xx_gap_xcxx.a : gap_centlinkmgr.o (.text)
                  00010dd8    00000056     cc26xx_sm_xcxx.a : sm_intpairing.o (.text)
                  00010e2e    00000002     app_ble_pem3.oem3 (.text:ti_sysbios_rom_cortexm_cc26xx_r2_CC26xx_badRomRevision__E)
                  00010e30    00000054     ble5_simple_central_cc2640r2lp_stack_library.lib : gapbondmgr.obj (.text:GAPBondMgr_LinkTerm)
                  00010e84    00000054     cc2640_hci_xcxx.a : hci_event.o (.text)
                  00010ed8    00000054     cc2640_ll_xcxx.a : ll_common.o (.text)
                  00010f2c    00000054     cc26xx_gap_xcxx.a : linkdb.o (.text)
                  00010f80    00000054     cc26xx_gatt_xcxx.a : gatt_client.o (.text)
                  00010fd4    00000054     cc26xx_profiles_xcxx.a : gattservapp.o (.text)
                  00011028    00000054     RFCC26XX_singleMode.obj (.text:hwiFxnHw$4)
                  0001107c    00000054     RFCC26XX_singleMode.obj (.text:ratChanFree$4)
                  000110d0    00000054     rtsv7M3_T_le_eabi.lib : exit.obj (.text)
                  00011124    00000052     ble5_simple_central_cc2640r2lp_stack_library.lib : gap.obj (.text:GAP_DeviceInit)
                  00011176    00000052     cc2640_ll_xcxx.a : ll_common.o (.text)
                  000111c8    00000052                      : ll_common.o (.text)
                  0001121a    00000002     rom_sysbios.aem3 : rom_sysbios.obj (.text:xdc_runtime_SysCallback_defaultAbort)
                  0001121c    00000050     ECCROMCC26XX.obj (.text:ECCROMCC26XX_Params_init)
                  0001126c    00000050     icall.obj (.text:ICall_registerApp)
                  000112bc    00000050     ble5_simple_central_cc2640r2lp_stack_library.lib : npi.obj (.text:NPI_WriteTransport)
                  0001130c    00000050     RFCC26XX_singleMode.obj (.text:RF_getInfo)
                  0001135c    00000050     simple_central.obj (.text:SimpleBLECentral_enqueueMsg$1)
                  000113ac    00000050     util.obj (.text:Util_convertBdAddr2Str)
                  000113fc    00000050     cc2640_ll_xcxx.a : ll.o (.text)
                  0001144c    00000050                      : ll.o (.text)
                  0001149c    00000050                      : ll.o (.text)
                  000114ec    00000050                      : ll_common.o (.text)
                  0001153c    00000050                      : ll_common.o (.text)
                  0001158c    00000050     drivers_cc26x0r2.aem3 : UARTCC26XX.oem3 (.text:startTxFifoEmptyClk)
                  000115dc    0000004e     cc2640_ll_xcxx.a : ll.o (.text)
                  0001162a    0000004e                      : ll_common.o (.text)
                  00011678    0000004e                      : ll_privacy.o (.text)
                  000116c6    00000002     rom_sysbios.aem3 : rom_sysbios.obj (.text:xdc_runtime_SysCallback_defaultExit)
                  000116c8    0000004c     icall.obj (.text:ICall_newTask$6)
                  00011714    0000004c     RFCC26XX_singleMode.obj (.text:RF_wakeupNotifyFxn$4)
                  00011760    0000004c     cc26xx_att_xcxx.a : att_client.o (.text)
                  000117ac    0000004c     cc26xx_gap_xcxx.a : gap_centdevmgr.o (.text)
                  000117f8    0000004c     ble5_simple_central_cc2640r2lp_stack_library.lib : gapbondmgr.obj (.text:gapBondMgrUpdateLruBondList$29)
                  00011844    0000004c                                                      : osal_bufmgr.obj (.text:osal_bm_free)
                  00011890    0000004c     rtsv7M3_T_le_eabi.lib : cpy_tbl.obj (.text)
                  000118dc    0000004c     RFCC26XX_singleMode.obj (.text:syncCb$4)
                  00011928    0000004a     cc26xx_sm_xcxx.a : sm_mgr.o (.text)
                  00011972    0000004a     ble5_simple_central_cc2640r2lp_stack_library.lib : gapbondmgr.obj (.text:gapBondMgrSetStateFlagFromConnhandle$29)
                  000119bc    00000048     dpl_cc26x0r2.aem3 : ClockP_tirtos.oem3 (.text:ClockP_construct)
                  00011a04    00000048     ECCROMCC26XX.obj (.text:ECC_initGlobals$3)
                  00011a4c    00000048     ble5_simple_central_cc2640r2lp_stack_library.lib : gapbondmgr.obj (.text:GAPBondMgr_ReadGattChar)
                  00011a94    00000048     drivers_cc26x0r2.aem3 : PINCC26XX.oem3 (.text:PIN_setOutputEnable)
                  00011adc    00000048     util.obj (.text:Util_constructClock)
                  00011b24    00000048     cc2640_ll_xcxx.a : ble.o (.text)
                  00011b6c    00000048                      : ll.o (.text)
                  00011bb4    00000048     cc26xx_gatt_xcxx.a : gatt_client.o (.text)
                  00011bfc    00000048     cc26xx_sm_xcxx.a : sm_intpairing.o (.text)
                  00011c44    00000048                      : sm_intpairing.o (.text)
                  00011c8c    00000048     ble5_simple_central_cc2640r2lp_stack_library.lib : osal_timers.obj (.text:osalAddTimer)
                  00011cd4    00000048     rom_sysbios.aem3 : rom_sysbios.obj (.text:ti_sysbios_family_arm_cc26xx_Timer_setThreshold__I)
                  00011d1c    00000046     cc26xx_gatt_xcxx.a : gatt_client.o (.text)
                  00011d62    00000002     rom_sysbios.aem3 : rom_sysbios.obj (.text:xdc_runtime_SysCallback_defaultPutch)
                  00011d64    00000044     driverlib.lib : osc.obj (.text:NOROM_OSCHF_SwitchToRcOscTurnOffXosc)
                  00011da8    00000044     drivers_cc26x0r2.aem3 : PINCC26XX.oem3 (.text:PIN_swi)
                  00011dec    00000044                           : RingBuf.oem3 (.text:RingBuf_put)
                  00011e30    00000044     boot.aem3 : boot.oem3 (.text)
                  00011e74    00000044     cc2640_ll_xcxx.a : ll.o (.text)
                  00011eb8    00000044                      : ll.o (.text)
                  00011efc    00000044                      : ll_common.o (.text)
                  00011f40    00000044                      : ll_scheduler.o (.text)
                  00011f84    00000044     cc26xx_gap_xcxx.a : gap_centdevmgr.o (.text)
                  00011fc8    00000044     cc26xx_profiles_xcxx.a : gattservapp.o (.text)
                  0001200c    00000044     ble5_simple_central_cc2640r2lp_stack_library.lib : osal_snv_wrapper.obj (.text:erasePage$26)
                  00012050    00000044                                                      : gapbondmgr.obj (.text:gapBondStateStartSecurity$29)
                  00012094    00000044     drivers_cc26x0r2.aem3 : PowerCC26XX.oem3 (.text:notify)
                  000120d8    00000044     ble5_simple_central_cc2640r2lp_stack_library.lib : osal_timers.obj (.text:osal_start_timerEx)
                  0001211c    00000044     rom_sysbios.aem3 : rom_sysbios.obj (.text:xdc_runtime_Text_xprintf__I)
                  00012160    00000042     ble5_simple_central_cc2640r2lp_stack_library.lib : gapbondmgr.obj (.text:GAPBondMgr_UpdateCharCfg)
                  000121a2    00000042     cc2640_ll_xcxx.a : ble.o (.text)
                  000121e4    00000042                      : ll.o (.text)
                  00012226    00000042                      : ll_access_address.o (.text)
                  00012268    00000042                      : ll_common.o (.text)
                  000122aa    00000002     --HOLE-- [fill = 0]
                  000122ac    00000040     ECCROMCC26XX.obj (.text:ECCROMCC26XX_init)
                  000122ec    00000040     dpl_cc26x0r2.aem3 : HwiP_tirtos.oem3 (.text:HwiP_construct)
                  0001232c    00000040     RFCC26XX_singleMode.obj (.text:RF_getRssi)
                  0001236c    00000040     drivers_cc26x0r2.aem3 : UART.oem3 (.text:UART_init)
                  000123ac    00000040                           : UART.oem3 (.text:UART_open)
                  000123ec    00000040     cc2640_ll_xcxx.a : ll.o (.text)
                  0001242c    00000040                      : ll.o (.text)
                  0001246c    00000040                      : ll_common.o (.text)
                  000124ac    00000040     cc26xx_gap_xcxx.a : gap_centdevmgr.o (.text)
                  000124ec    00000040                       : gap_centdevmgr.o (.text)
                  0001252c    00000040     cc26xx_profiles_xcxx.a : gattservapp.o (.text)
                  0001256c    00000040     rtsv7M3_T_le_eabi.lib : u_divt2.obj (.text)
                  000125ac    00000040     rom_sysbios.aem3 : rom_sysbios.obj (.text:ti_sysbios_heaps_HeapCallback_Module_startup__E)
                  000125ec    0000003e     drivers_cc26x0r2.aem3 : RingBuf.oem3 (.text:RingBuf_get)
                  0001262a    0000003e     cc2640_ll_xcxx.a : ll_common.o (.text)
                  00012668    0000003e     cc26xx_gatt_xcxx.a : gatt_client.o (.text)
                  000126a6    00000002     --HOLE-- [fill = 0]
                  000126a8    0000003c     central.obj (.text:GAPCentralRole_createTask)
                  000126e4    0000003c     driverlib.lib : osc.obj (.text:NOROM_OSC_HPOSCRelativeFrequencyOffsetGet)
                  00012720    0000003c     drivers_cc26x0r2.aem3 : PowerCC26XX.oem3 (.text:PowerCC26XX_isStableXOSC_HF)
                  0001275c    0000003c                           : PowerCC26XX.oem3 (.text:PowerCC26XX_switchXOSC_HF)
                  00012798    0000003c     RFCC26XX_singleMode.obj (.text:RF_runCmd)
                  000127d4    0000003c     simple_central.obj (.text:SimpleBLECentral_CancelRssi$1)
                  00012810    0000003c     simple_central.obj (.text:SimpleBLECentral_createTask)
                  0001284c    0000003c     dpl_cc26x0r2.aem3 : SwiP_tirtos.oem3 (.text:SwiP_construct)
                  00012888    0000003c     cc2640_ll_xcxx.a : ll_common.o (.text)
                  000128c4    0000003c                      : ll_scheduler.o (.text)
                  00012900    0000003c     cc26xx_gap_xcxx.a : gap_centdevmgr.o (.text)
                  0001293c    0000003c                       : gap_centlinkmgr.o (.text)
                  00012978    0000003c     cc26xx_profiles_xcxx.a : gattservapp.o (.text)
                  000129b4    0000003c                            : gattservapp.o (.text)
                  000129f0    0000003c                            : gattservapp.o (.text)
                  00012a2c    0000003c     cc26xx_sm_xcxx.a : sm_intpairing.o (.text)
                  00012a68    0000003c     ble5_simple_central_cc2640r2lp_stack_library.lib : osal_bufmgr.obj (.text:osal_bm_alloc)
                  00012aa4    0000003c                                                      : osal_timers.obj (.text:osal_start_reload_timer)
                  00012ae0    0000003c     RFCC26XX_singleMode.obj (.text:postDirImmCmd$4)
                  00012b1c    0000003c     rom_sysbios.aem3 : rom_sysbios.obj (.text:ti_sysbios_family_arm_m3_Hwi_construct2__E)
                  00012b58    0000003a     cc26xx_gatt_xcxx.a : gatt_client.o (.text)
                  00012b92    0000003a     cc26xx_sm_xcxx.a : sm_mgr.o (.text)
                  00012bcc    00000038     board_key.obj (.text:Board_keyCallback$0)
                  00012c04    00000038     drivers_cc26x0r2.aem3 : PINCC26XX.oem3 (.text:PIN_setOutputValue)
                  00012c3c    00000038                           : UARTCC26XX.oem3 (.text:UARTCC26XX_swiIntFxn)
                  00012c74    00000038     util.obj (.text:Util_restartClock)
                  00012cac    00000038     cc2640_ll_xcxx.a : ble.o (.text)
                  00012ce4    00000038                      : ll.o (.text)
                  00012d1c    00000038                      : ll_common.o (.text)
                  00012d54    00000038                      : ll_common.o (.text)
                  00012d8c    00000038                      : ll_common.o (.text)
                  00012dc4    00000038                      : ll_common.o (.text)
                  00012dfc    00000038                      : ll_common.o (.text)
                  00012e34    00000038                      : ll_common.o (.text)
                  00012e6c    00000038                      : ll_privacy.o (.text)
                  00012ea4    00000038                      : ll_scheduler.o (.text)
                  00012edc    00000038                      : ll_scheduler.o (.text)
                  00012f14    00000038     cc26xx_gatt_xcxx.a : gatt_client.o (.text)
                  00012f4c    00000038                        : gatt_client.o (.text)
                  00012f84    00000038     cc26xx_l2cap_xcxx.a : l2cap_util.o (.text)
                  00012fbc    00000038     ble5_simple_central_cc2640r2lp_stack_library.lib : osal_snv_wrapper.obj (.text:disableCache$26)
                  00012ff4    00000038     RFCC26XX_singleMode.obj (.text:dispatchOpWhen$4)
                  0001302c    00000038     ble5_simple_central_cc2640r2lp_stack_library.lib : osal.obj (.text:osal_alien2proxy)
                  00013064    00000038                                                      : osal.obj (.text:osal_msec_timer_cback$21)
                  0001309c    00000038                                                      : osal_timers.obj (.text:osal_stop_timerEx)
                  000130d4    00000038     rom_sysbios.aem3 : rom_sysbios.obj (.text:ti_sysbios_family_arm_cc26xx_Timer_getCurrentTick__E)
                  0001310c    00000036     drivers_cc26x0r2.aem3 : CryptoCC26XX.oem3 (.text:CryptoCC26XX_loadKey)
                  00013142    00000002     --HOLE-- [fill = 0]
                  00013144    00000034     ble5_simple_central_cc2640r2lp_stack_library.lib : gattservapp_util.obj (.text:GATTServApp_InitCharCfg)
                  00013178    00000034     icall.obj (.text:ICall_heapFree)
                  000131ac    00000034     icall.obj (.text:ICall_primEntityId2ServiceId$6)
                  000131e0    00000034     icall.obj (.text:ICall_searchServiceEntity)
                  00013214    00000034     drivers_cc26x0r2.aem3 : PINCC26XX.oem3 (.text:PIN_setConfig)
                  00013248    00000034                           : PowerCC26XX.oem3 (.text:Power_releaseConstraint)
                  0001327c    00000034     RFCC26XX_singleMode.obj (.text:Q_push$4)
                  000132b0    00000034     cc2640_ll_xcxx.a : ble.o (.text)
                  000132e4    00000034                      : ll.o (.text)
                  00013318    00000034                      : ll_common.o (.text)
                  0001334c    00000034                      : ll_isr.o (.text)
                  00013380    00000034                      : ll_scheduler.o (.text)
                  000133b4    00000034     cc26xx_gap_xcxx.a : gap_centlinkmgr.o (.text)
                  000133e8    00000034     cc26xx_gatt_xcxx.a : gatt_client.o (.text)
                  0001341c    00000034     cc26xx_hci_tl_none.a : hci_tl.o (.text)
                  00013450    00000034     ble5_simple_central_cc2640r2lp_stack_library.lib : osal.obj (.text:osal_clear_event)
                  00013484    00000034     rom_sysbios.aem3 : rom_sysbios.obj (.text:ti_sysbios_family_arm_cc26xx_Timer_initDevice__I)
                  000134b8    00000032     icall.obj (.text:ICall_fetchServiceMsg)
                  000134ea    00000032     cc2640_ll_xcxx.a : ll_access_address.o (.text)
                  0001351c    00000032                      : ll_access_address.o (.text)
                  0001354e    00000032     rom_sysbios.aem3 : rom_sysbios.obj (.text:ti_sysbios_family_arm_cc26xx_Timer_setNextTick__E)
                  00013580    00000030     ble5_simple_central_cc2640r2lp_stack_library.lib : gapbondmgr.obj (.text:GAPBondMgr_PasscodeRsp)
                  000135b0    00000030                                                      : hal_flash_wrapper.obj (.text:HalFlashRead)
                  000135e0    00000030     icall.obj (.text:ICall_dispatch$6)
                  00013610    00000030     icall.obj (.text:ICall_msecs2Ticks$6)
                  00013640    00000030     drivers_cc26x0r2.aem3 : PowerCC26XX.oem3 (.text:Power_setConstraint)
                  00013670    00000030     cc2640_ll_xcxx.a : ll.o (.text)
                  000136a0    00000030                      : ll.o (.text)
                  000136d0    00000030                      : ll_access_address.o (.text)
                  00013700    00000030                      : ll_access_address.o (.text)
                  00013730    00000030     cc26xx_att_xcxx.a : att_client.o (.text)
                  00013760    00000030                       : att_client.o (.text)
                  00013790    00000030     cc26xx_gap_xcxx.a : gap_configmgr.o (.text)
                  000137c0    00000030     cc26xx_profiles_xcxx.a : gattservapp.o (.text)
                  000137f0    00000030     ble5_simple_central_cc2640r2lp_stack_library.lib : osal_timers.obj (.text:osal_get_timeoutEx)
                  00013820    00000030     app_ble_pem3.oem3 (.text:ti_sysbios_BIOS_atExitFunc__I)
                  00013850    00000030     app_ble_pem3.oem3 (.text:ti_sysbios_BIOS_startFunc__I)
                  00013880    00000030     app_ble_pem3.oem3 (.text:ti_sysbios_heaps_HeapCallback_Object__create__S)
                  000138b0    0000002f     rom_sysbios.aem3 : rom_sysbios.obj (.text:xdc_runtime_Text_printVisFxn__I)
                  000138df    00000001     --HOLE-- [fill = 0]
                  000138e0    0000002e     icall_cc2650.obj (.text:ICallPlatform_pwrDispenseImpl$7)
                  0001390e    0000002e     icall_cc2650.obj (.text:ICallPlatform_pwrRequireImpl$7)
                  0001393c    0000002e     cc2640_ll_xcxx.a : ll.o (.text)
                  0001396a    0000002e                      : ll_privacy.o (.text)
                  00013998    0000002e                      : ll_privacy.o (.text)
                  000139c6    0000002e     cc26xx_gatt_xcxx.a : gatt_client.o (.text)
                  000139f4    0000002e     cc26xx_profiles_xcxx.a : gattservapp.o (.text)
                  00013a22    0000002e     ble5_simple_central_cc2640r2lp_stack_library.lib : osal.obj (.text:osal_build_uint32)
                  00013a50    0000002e     drivers_cc26x0r2.aem3 : UARTCC26XX.oem3 (.text:readData)
                  00013a7e    0000002e                           : UARTCC26XX.oem3 (.text:writeData)
[...]
200045a3  gapAdvAppTaskID                                                           
200045a4  gapUnwantedTaskID                                                         
200045a5  reqTaskId                                                                 
200045a6  gattAppTaskID                                                             
200045a7  appTaskID                                                                 
200045a8  flowCtrlTaskId                                                            
200045a9  SM_appTaskID                                                              
200047cc  wlTable                                                                   
200048a8  wlTableScan                                                               
20004988  rfObject                                                                  
20004a20  advCmd                                                                    
20004a68  localEccKeys                                                              
20004ae4  advDataEntry                                                              
20004b1c  l2capFixedChannels                                                        
20004b4c  linkCBs                                                                   
20004b7c  eccParams                                                                 
20004bac  initParam                                                                 
20004bd0  scanParam                                                                 
20004bf4  advParam                                                                  
20004c14  cryptoPRAND                                                               
20004c34  txModemTestCmd                                                            
20004c50  gapParams                                                                 
20004c6c  initCmd                                                                   
20004c84  connReqData                                                               
20004c9c  scanCmd                                                                   
20004cb4  scanOutput                                                                
20004ce4  rxModemTestCmd                                                            
20004cfc  rsp                                                                       
20004d14  fwParDtmCmd                                                               
20004d44  fwParRfCmd                                                                
20004d5c  connOutput                                                                
20004d70  rxTestParam                                                               
20004d84  initDataQueue                                                             
20004d94  scanDataQueue                                                             
20004da4  advDataQueue                                                              
20004db4  advOutput                                                                 
20004dc4  txTestParam                                                               
20004dd4  initOutput                                                                
20004de0  rxTestOut                                                                 
20004df8  cachedTRNGdata                                                            
20004e04  gapCurrentRandomAddr                                                      
20004e0c  slaveUpdateReq                                                            
20004e14  pBleEvtMask                                                               
20004e1c  pHciEvtMask                                                               
20004e24  pHciEvtMask2                                                              
20004e2c  ownPublicAddr                                                             
20004e34  ownRandomAddr                                                             
20004e3c  ownSavedPublicAddr                                                        
20004e44  fwImmedCmd                                                                
20004e4c  attServerNotifyTxCB                                                       
20004e50  rfEvent                                                                   
20004e58  fwParCmd                                                                  
20004e60  verInfo                                                                   
20004e68  llConns                                                                   
20004e70  fwParamImmedCmd                                                           
20004e78  privInfo                                                                  
20004e88  rxDataQ                                                                   
20004e8c  txDataQ                                                                   
20004e90  rxRingBuf                                                                 
20004e94  txTestOut                                                                 
20004e98  pGapDiscReq                                                               
20004e9c  pGapAdvertState                                                           
20004ea0  pEstLink                                                                  
20004ea4  pAuthLink                                                                 
20004ea8  pfnCentralConnCBs                                                         
20004eac  pfnPeripheralConnCBs                                                      
20004eb0  pGapAdvTokens                                                             
20004eb4  pGapAdData                                                                
20004eb8  pGapScanRspData                                                           
20004ebc  pfnPeripheralCBs                                                          
20004ec0  pfnCentralCBs                                                             
20004ec4  pfnBondMgrCBs                                                             
20004ec8  serverInfoTbl                                                             
20004ecc  pServiceList                                                              
20004ed0  pfnServerProcessMsgCB                                                     
20004ed4  pfnClientProcessMsgCB                                                     
20004ed8  prepareWritesTbl                                                          
20004edc  serviceCBsList                                                            
20004ee0  pAttrValue                                                                
20004ee4  l2capChannels                                                             
20004ee8  linkDB                                                                    
20004eec  rfHandle                                                                  
20004ef0  rfDrvTblPtr                                                               
20004ef4  eccDrvTblPtr                                                              
20004ef8  cryptoDrvTblPtr                                                           
20004efc  trngDrvTblPtr                                                             
20004f00  activeConns                                                               
20004f04  SysBootMsg                                                                
20004f08  sclkSrc                                                                   
20004f0c  buildInfo                                                                 
20004f10  advInfo                                                                   
20004f18  initInfo                                                                  
20004f20  taskEndAction                                                             
20004f24  encParams                                                                 
20004f28  encHandle                                                                 
20004f2c  encKey                                                                    
20004f30  pPairingParams                                                            
20004f34  pfnResponderCBs                                                           
20004f38  pfnInitiatorCBs                                                           
20004f3c  gapLimitedAdvertisingTimeout                                              
20004f3e  attrLen                                                                   
20004f40  numHostBufs                                                               
20004f42  rfCmdHandle                                                               
20004f44  connInitialMaxTxOctets                                                    
20004f46  connInitialMaxTxTime                                                      
20004f48  supportedMaxTxOctets                                                      
20004f4a  supportedMaxTxTime                                                        
20004f4c  supportedMaxRxOctets                                                      
20004f4e  supportedMaxRxTime                                                        
20004f50  taskEndStatus                                                             
20004f52  postRfOperations                                                          
20004f54  rfCfgAdiVal                                                               
20004f58  gapProfileRole                                                            
20004f59  gapDeviceAddrMode                                                         
20004f5a  gapState                                                                  
20004f5b  terminateAllTaskID                                                        
20004f5c  terminateReason                                                           
20004f5d  gapTaskID                                                                 
20004f5e  gattNumConns                                                              
20004f5f  gattTaskID                                                                
20004f60  GATTServApp_TaskID                                                        
20004f61  maxNumPrepareWrites                                                       
20004f62  hciPTMenabled                                                             
20004f63  ctrlToHostEnable                                                          
20004f64  l2capFlowCtrlMode                                                         
20004f65  l2capTaskID                                                               
20004f66  l2capNumChannels                                                          
20004f67  l2capNumDataPkts                                                          
20004f68  l2capId                                                                   
20004f69  linkDBNumConns                                                            
20004f6a  linkDB_secureConnectionOnlyMode                                           
20004f6b  maxPduSize                                                                
20004f6c  rfFeModeBias                                                              
20004f6d  maxNumTxDataBufs                                                          
20004f6e  LL_TaskID                                                                 
20004f6f  llState                                                                   
20004f70  rssiCorrection                                                            
20004f71  curTxPowerVal                                                             
20004f72  maxTxPwrForDTM                                                            
20004f73  onePktPerEvt                                                              
20004f74  numComplPkts                                                              
20004f75  numComplPktsLimit                                                         
20004f76  numComplPktsFlush                                                         
20004f77  fastTxRespTime                                                            
20004f78  slOverride                                                                
20004f79  rxFifoFlowCtrl                                                            
20004f7a  numTxDataBufs                                                             
20004f7b  maxNumConns                                                               
20004f7c  smTaskID                                                                  
20004f7d  SM_appExpectingKey                                                        
20004f80  ECC_DATA$$Base                                                            
20004f80  eccRom_param_Gx                                                           
20004f84  eccRom_param_Gy                                                           
20004f88  eccRom_workzone                                                           
20004f8c  eccRom_param_p                                                            
20004f90  eccRom_param_r                                                            
20004f94  eccRom_param_a                                                            
20004f98  eccRom_param_b                                                            
20004f9c  eccRom_windowSize                                                         
20004fa0  aux64                                                                     
20004fa8  MOD                                                                       
20004fac  LEN                                                                       
20004fb0  inScalar                                                                  
20004fb4  inPointX                                                                  
20004fb8  inPointY                                                                  
20004fbc  outPointX                                                                 
20004fc0  outPointY                                                                 
20004fc4  SCAL                                                                      
20004fc8  EXPX                                                                      
20004fcc  EXPY                                                                      
20004fd0  EXPZ                                                                      
20004fd4  EXPW                                                                      
20004fd8  ACCX                                                                      
20004fdc  ACCY                                                                      
20004fe0  ACCZ                                                                      
20004fe4  TMP1                                                                      
20004fe8  TMP2                                                                      
20004fec  TMP3                                                                      
20004ff0  TMP4                                                                      
20004ff4  TMP5                                                                      
20004ff8  TMP6                                                                      
20004ffc  MSBMOD                                                                    
20005000  ECC_DATA$$Limit                                                           
20005000  __UNUSED_SRAM_end__                                                       
e000e000  ti_sysbios_family_arm_m3_Hwi_nvic                                         
ffffffff  __TI_pprof_out_hndl                                                       
ffffffff  __TI_prof_data_size                                                       
ffffffff  __TI_prof_data_start                                                      
ffffffff  __binit__                                                                 
ffffffff  __c_args__                                                                
ffffffff  binit                                                                     
UNDEFED   ClockP_getSystemTicks                                                     
UNDEFED   HwiP_restore                                                              
UNDEFED   SHT$$INIT_ARRAY$$Base                                                     
UNDEFED   SHT$$INIT_ARRAY$$Limit                                                    
UNDEFED   SwiP_restore                                                              
UNDEFED   ti_sysbios_BIOS_RtsGateProxy_Handle__label__S__mangled__                  
UNDEFED   ti_sysbios_BIOS_RtsGateProxy_Params__init__S__mangled__                   
UNDEFED   ti_sysbios_BIOS_RtsGateProxy_query__E__mangled__                          
UNDEFED   ti_sysbios_hal_Hwi_HwiProxy_Module__startupDone__S__mangled__             
UNDEFED   ti_sysbios_hal_Hwi_HwiProxy_Params__init__S__mangled__                    
UNDEFED   ti_sysbios_hal_Hwi_HwiProxy_disableInterrupt__E__mangled__                
UNDEFED   ti_sysbios_hal_Hwi_HwiProxy_enableInterrupt__E__mangled__                 
UNDEFED   ti_sysbios_hal_Hwi_HwiProxy_getStackInfo__E__mangled__                    
UNDEFED   ti_sysbios_hal_Hwi_HwiProxy_startup__E__mangled__                         
UNDEFED   ti_sysbios_hal_Hwi_HwiProxy_switchFromBootStack__E__mangled__             
UNDEFED   ti_sysbios_hal_Hwi_disableInterrupt__E                                    
UNDEFED   ti_sysbios_hal_Hwi_enableInterrupt__E                                     
UNDEFED   ti_sysbios_hal_Hwi_getStackInfo__E                                        
UNDEFED   ti_sysbios_hal_Hwi_startup__E                                             
UNDEFED   ti_sysbios_hal_Hwi_switchFromBootStack__E                                 
UNDEFED   ti_sysbios_heaps_HeapMem_Module_GateProxy_Handle__label__S__mangled__     
UNDEFED   ti_sysbios_heaps_HeapMem_Module_GateProxy_Params__init__S__mangled__      
UNDEFED   ti_sysbios_heaps_HeapMem_Module_GateProxy_query__E__mangled__             
UNDEFED   ti_sysbios_knl_Clock_TimerProxy_Module__startupDone__S__mangled__         
UNDEFED   ti_sysbios_knl_Clock_TimerProxy_startup__E__mangled__                     
UNDEFED   ti_sysbios_knl_Task_SupportProxy_Module__startupDone__S__mangled__        
UNDEFED   ti_sysbios_knl_Task_SupportProxy_getStackAlignment__E__mangled__          
UNDEFED   ti_sysbios_knl_Task_SupportProxy_start__E__mangled__                      
UNDEFED   ti_sysbios_knl_Task_SupportProxy_swap__E__mangled__                       
UNDEFED   xdc_runtime_Main_Module_GateProxy_Handle__label__S                        
UNDEFED   xdc_runtime_Main_Module_GateProxy_query__E                                
UNDEFED   xdc_runtime_Memory_HeapProxy_Handle__label__S__mangled__                  
UNDEFED   xdc_runtime_System_Module_GateProxy_Handle__label__S__mangled__           
UNDEFED   xdc_runtime_System_Module_GateProxy_query__E__mangled__                   
UNDEFED   xdc_runtime_System_SupportProxy_abort__E                                  
UNDEFED   xdc_runtime_System_SupportProxy_exit__E                                   
UNDEFED   xdc_runtime_Timestamp_SupportProxy_get64__E__mangled__                    
UNDEFED   xdc_runtime_Timestamp_SupportProxy_getFreq__E__mangled__                  
UNDEFED   xdc_runtime_Timestamp_get32__E                                            
UNDEFED   xdc_runtime_Timestamp_get64__E                                            
UNDEFED   xdc_runtime_Timestamp_getFreq__E                                          

[2347 symbols]
